
> coach-quiroz@1.0.0 build
> next build

  Ôû▓ Next.js 14.2.35
  - Environments: .env

   Creating an optimized production build ...
node.exe : Failed to 
compile.
En línea: 1 Carácter: 1
+ & "C:\Program 
Files\nodejs/node.exe" 
"C:\Program 
Files\nodejs/node_mo 
...
+ ~~~~~~~~~~~~~~~~~~~~~
~~~~~~~~~~~~~~~~~~~~~~~
~~~~~~~~~~~~~~~~~~~~~~~
~~
    + CategoryInfo     
         : NotSpecifi  
  ed: (Failed to com   
 pile.:String) [],     
RemoteException
    + FullyQualifiedEr 
   rorId : NativeComm  
  andError
 

./app/programas/tenis-p
ara-adultos/page.jsx
Module not found: 
Can't resolve '../../co
mponents/ViewContentTra
cker'

https://nextjs.org/docs
/messages/module-not-fo
und

./app/programas/tenis-p
ara-adultos/page.jsx
Module not found: 
Can't resolve '../../co
mponents/WhatsAppTracke
r'

https://nextjs.org/docs
/messages/module-not-fo
und


> Build failed because 
of webpack errors
